// Jest Snapshot v1, https://goo.gl/fbAQLP

exports[`CounterComponent match with the snapshot 1`] = `
<div
  id="root1"
>
  <h1>
    Counter 10
  </h1>
  <hr />
  <button>
    +1
  </button>
  <button>
    -1
  </button>
</div>
`;

exports[`CounterComponent should be match with the snapshot 1`] = `
<div
  id="root1"
>
  <h1>
    Counter 10
  </h1>
  <hr />
  <button>
    +1
  </button>
  <button>
    -1
  </button>
</div>
`;
