// Jest Snapshot v1, https://goo.gl/fbAQLP

exports[`AppComponent should match with snapshot 1`] = `
<div
  id="root3"
>
  <router-outlet />
  
</div>
`;
