// Jest Snapshot v1, https://goo.gl/fbAQLP

exports[`CharizardComponent should be match whit the snapshot 1`] = `"<main class="container"><h1>pok√©mon</h1><h2>Loading...</h2><!--container--><!--container--></main>"`;
